[solidor.glazingvault.com/design755b.html]
[backblue.gif]
[fade.gif]
[index.html]
[solidor.glazingvault.com/css/app.css]
[solidor.glazingvault.com/dist/sweetalert.css]
[code.jquery.com/jquery-1.11.3.js]
[solidor.glazingvault.com/js/designer.2.js]
[solidor.glazingvault.com/dist/sweetalert.min.js]
[solidor.glazingvault.com/js/joyride.js]
[maxcdn.bootstrapcdn.com/font-awesome/4.6.2/css/font-awesome.min.css]
[solidor.glazingvault.com/js/fastclick.js]
[solidor.glazingvault.com/js/ddslick.js]
[code.jquery.com/ui/1.12.1/jquery-ui.min.js]
[cdnjs.cloudflare.com/ajax/libs/jqueryui-touch-punch/0.2.3/jquery.ui.touch-punch.min.js]
[solidor.glazingvault.com/js/vendor_visualiser.js]
[solidor.glazingvault.com/js/solidor_visualiser.js]
[www.google-analytics.com/analytics.js]
[solidor.glazingvault.com/images/solidor.png]
[solidor.glazingvault.com/images/ajax.gif]
[solidor.glazingvault.com/images/mob-door.png]
[solidor.glazingvault.com/images/mob-hamburger.png]
[solidor.glazingvault.com/images/greenarrow.png]
[solidor.glazingvault.com/images/timbercore.jpg]
[solidor.glazingvault.com/images/lock.png]
[solidor.glazingvault.com/images/banners/colours.jpg]
[solidor.glazingvault.com/images/banners/framecolours.jpg]
[solidor.glazingvault.com/images/banners/glass.jpg]
[solidor.glazingvault.com/images/banners/door1.jpg]
[solidor.glazingvault.com/images/banners/furniture.jpg]
[solidor.glazingvault.com/images/banners/contempbg.jpg]
[solidor.glazingvault.com/images/hardwareinfo.jpg]
[solidor.glazingvault.com/images/btn_flipview.jpg]
[solidor.glazingvault.com/images/restart_btn.jpg]
[solidor.glazingvault.com/images/btn_pricetag.jpg]
[solidor.glazingvault.com/design755b.html]
[solidor.glazingvault.com/images/sgnav-active.png]
[solidor.glazingvault.com/images/step-hardware-bg.jpg]
[solidor.glazingvault.com/images/step-colour-bg.jpg]
[solidor.glazingvault.com/images/step-handles-bg.jpg]
[solidor.glazingvault.com/images/designeroptions-bg.png]
[solidor.glazingvault.com/images/colourstitle-bg.png]
[solidor.glazingvault.com/images/colourbreak.jpg]
[solidor.glazingvault.com/css/app.css]
[solidor.glazingvault.com/dist/sweetalert.css]
[maxcdn.bootstrapcdn.com/font-awesome/4.6.2/css/font-awesome.min.css]
[solidor.glazingvault.com/images/logo.png]
[solidor.glazingvault.com/images/btn_viewsummary.jpg]
[solidor.glazingvault.com/images/digitalbg.jpg]
[solidor.glazingvault.com/design4fe2.html]
[solidor.glazingvault.com/design/index4fe2.html]
[solidor.glazingvault.com/design4fe2.html]
[solidor.glazingvault.com/images/step-doortype-bg.jpg]
